[Head] (Block)
    [Child] (Statement List)
        [Child] (If Statement)
            [Child] 2, TOK_PLUS, +, (Condition, Expression, Simple Expression, Factor, Binary Adding Operator)
                [Child] 2, TOK_PLUS, +, (Simple Expression, Binary Adding Operator)
                    [Child] 2, TOK_PLUS, +, (Simple Expression, Binary Adding Operator)
                        [Child] 2, TOK_NUM, 2, (Simple Expression, Factor, Constant)
                        [Child] 2, TOK_NUM, 3, (Factor, Constant)
                    [Child] 2, TOK_NUM, 5, (Factor, Constant)
                [Child] 2, TOK_NUM, 6, (Factor, Constant)
            [Child] (Null Statement)
