[Head] (Block)
    [Child] (Const Section)
        [Child] (Const Declaration)
            [Child] 2, TOK_ID, test, (Literal)
            [Child] 2, TOK_NUM, 10, (Literal)
        [Sibling] (Const Declaration)
            [Child] 3, TOK_ID, floop, (Literal)
            [Child] 3, TOK_NUM, 1337, (Literal)
        [Sibling] (Const Declaration)
            [Child] 4, TOK_ID, three, (Literal)
            [Child] 4, TOK_STR, 'Stringify', (Literal)
    [Child] (Variable Section)
        [Child] (Variable Declaration, Variable List)
            [Child] 7, TOK_ID, test, (Literal)
            [Child] 7, TOK_KEY_INTEGER, integer, (Type)
        [Sibling] (Variable Declaration, Variable List)
            [Child] 10, TOK_ID, floop, (Literal)
            [Child] 10, TOK_KEY_INTEGER, integer, (Type)
        [Sibling] (Variable Declaration, Variable List)
            [Child] 13, TOK_ID, one, (Literal)
            [Sibling] 13, TOK_ID, two, (Literal)
            [Sibling] 13, TOK_ID, three, (Literal)
            [Child] 13, TOK_KEY_INTEGER, integer, (Type)
        [Sibling] (Variable Declaration, Variable List)
            [Child] 16, TOK_ID, something, (Literal)
            [Child] 16, TOK_NUM, 20, (Type, Constant, Array, Integer)
        [Sibling] (Variable Declaration, Variable List)
            [Child] 19, TOK_ID, s1, (Literal)
            [Sibling] 19, TOK_ID, s2, (Literal)
            [Sibling] 19, TOK_ID, s3, (Literal)
            [Sibling] 19, TOK_ID, s4, (Literal)
            [Child] 19, TOK_NUM, 100, (Type, Constant, Array, Integer)
        [Sibling] (Variable Declaration, Variable List)
            [Child] 22, TOK_ID, zthing, (Literal)
            [Child] 22, TOK_ID, something, (Type, Constant, Simple Name, Array, Integer)
    [Child] (Statement List)
        [Child] (Null Statement)
