[Head] (Block)
    [Child] (Const Section)
        [Child] (Const Declaration)
            [Child] 2, TOK_ID, test, (Literal)
            [Child] 2, TOK_NUM, 10, (Literal)
        [Sibling] (Const Declaration)
            [Child] 3, TOK_ID, floop, (Literal)
            [Child] 3, TOK_NUM, 1337, (Literal)
        [Sibling] (Const Declaration)
            [Child] 4, TOK_ID, three, (Literal)
            [Child] 4, TOK_STR, 'Stringify', (Literal)
    [Child] (Statement List)
        [Child] (Null Statement)
