[Head] (Block)
    [Child] (Const Section)
        [Child] (Const Declaration)
            [Child] 12, TOK_ID, upper, (Literal)
            [Child] 12, TOK_NUM, 100, (Literal)
    [Child] (Variable Section)
        [Child] (Variable Declaration, Variable List)
            [Child] 13, TOK_ID, counter, (Literal)
            [Child] 13, TOK_KEY_INTEGER, integer, (Type)
    [Child] (Statement List)
        [Child] (Assign Statement)
            [Child] 16, TOK_ID, counter, (Simple Name)
            [Child] 16, TOK_NUM, 1, (Expression, Simple Expression, Factor, Constant)
        [Sibling] (While Statement)
            [Child] 18, TOK_LTEQ, <=, (Condition, Expression, Simple Expression, Factor, Relational Operator)
                [Child] 18, TOK_ID, counter, (Simple Expression, Factor, Constant, Simple Name)
                [Child] 18, TOK_ID, upper, (Simple Expression, Factor, Constant, Simple Name)
            [Child] (Block, Block Statement)
                [Child] (Statement List)
                    [Child] (If Statement)
                        [Child] 20, TOK_KEY_MOD, mod, (Condition, Expression, Simple Expression, Factor, Multiply Operator)
                            [Child] 20, TOK_ID, counter, (Factor, Constant, Simple Name, Term)
                            [Child] 20, TOK_NUM, 15, (Factor, Constant, Term)
                        [Child] (Write Statement)
                            [Child] 21, TOK_STR, 'fizzbuzz', (Expression, Simple Expression, Factor, Constant)
                        [Child] (If Statement)
                            [Child] 22, TOK_KEY_MOD, mod, (Condition, Expression, Simple Expression, Factor, Multiply Operator)
                                [Child] 22, TOK_ID, counter, (Factor, Constant, Simple Name, Term)
                                [Child] 22, TOK_NUM, 5, (Factor, Constant, Term)
                            [Child] (Write Statement)
                                [Child] 23, TOK_STR, 'fizz', (Expression, Simple Expression, Factor, Constant)
                            [Child] (If Statement)
                                [Child] 24, TOK_KEY_MOD, mod, (Condition, Expression, Simple Expression, Factor, Multiply Operator)
                                    [Child] 24, TOK_ID, counter, (Factor, Constant, Simple Name, Term)
                                    [Child] 24, TOK_NUM, 3, (Factor, Constant, Term)
                                [Child] (Write Statement)
                                    [Child] 25, TOK_STR, 'buzz', (Expression, Simple Expression, Factor, Constant)
                                [Child] (Write Statement)
                                    [Child] 27, TOK_ID, counter, (Expression, Simple Expression, Factor, Constant, Simple Name)
                    [Sibling] (Null Statement)
        [Sibling] (Null Statement)
