[Head] (Block)
    [Child] (Statement List)
        [Child] (Read Statement)
            [Child] 3, TOK_ID, somevar, (Simple Name)
        [Sibling] (Read Statement)
            [Child] 6, TOK_ID, one, (Simple Name)
            [Sibling] 6, TOK_ID, two, (Simple Name)
            [Sibling] 6, TOK_ID, three, (Simple Name)
            [Sibling] 6, TOK_ID, four, (Simple Name)
        [Sibling] (Read Statement)
            [Child] 9, TOK_ID, something, (Variable, Simple Name)
                [Child] 9, TOK_PLUS, +, (Expression, Simple Expression, Binary Adding Operator)
                    [Child] 9, TOK_NUM, 2, (Simple Expression, Factor, Constant)
                    [Child] 9, TOK_NUM, 3, (Factor, Constant)
        [Sibling] (Read Statement)
            [Child] 12, TOK_ID, something, (Variable, Simple Name)
                [Child] 12, TOK_STAR, *, (Expression, Simple Expression, Multiply Operator)
                    [Child] 12, TOK_NUM, 2, (Factor, Constant, Term)
                    [Child] 12, TOK_NUM, 3, (Factor, Constant, Term)
            [Sibling] 12, TOK_ID, two, (Variable, Simple Name)
                [Child] 12, TOK_PLUS, +, (Expression, Simple Expression, Binary Adding Operator)
                    [Child] 12, TOK_STAR, *, (Simple Expression, Multiply Operator)
                        [Child] 12, TOK_NUM, 10, (Factor, Constant, Term)
                        [Child] 12, TOK_NUM, 3, (Factor, Constant, Term)
                    [Child] 12, TOK_KEY_DIV, div, (Multiply Operator)
                        [Child] 12, TOK_NUM, 3, (Factor, Constant, Term)
                        [Child] 12, TOK_NUM, 1, (Factor, Constant, Term)
        [Sibling] (Null Statement)
