[Head] (Block)
    [Child] (Statement List)
        [Child] (Case Statement)
            [Child] 4, TOK_ID, something, (Expression, Simple Expression, Factor, Constant, Simple Name)
            [Child] (Case List)
                [Child] (Case)
                    [Child] (Const List)
                        [Child] 5, TOK_ID, const1, (Constant, Simple Name)
                    [Child] (Assign Statement)
                        [Child] 6, TOK_ID, something, (Simple Name)
                        [Child] 6, TOK_NUM, 2, (Expression, Simple Expression, Factor, Constant)
        [Sibling] (Case Statement)
            [Child] 10, TOK_ID, something, (Expression, Simple Expression, Factor, Constant, Simple Name)
            [Child] (Case List)
                [Child] (Case)
                    [Child] (Const List)
                        [Child] 11, TOK_ID, const1, (Constant, Simple Name)
                    [Child] (Assign Statement)
                        [Child] 12, TOK_ID, something, (Simple Name)
                        [Child] 12, TOK_NUM, 3, (Expression, Simple Expression, Factor, Constant)
                [Sibling] (Case)
                    [Child] (Const List)
                        [Child] 13, TOK_ID, const2, (Constant, Simple Name)
                    [Child] (Assign Statement)
                        [Child] 14, TOK_ID, something, (Simple Name)
                        [Child] 14, TOK_NUM, 4, (Expression, Simple Expression, Factor, Constant)
                [Sibling] (Case)
                    [Child] (Const List)
                        [Child] 15, TOK_ID, const3, (Constant, Simple Name)
                    [Child] (Assign Statement)
                        [Child] 16, TOK_ID, something, (Simple Name)
                        [Child] 16, TOK_NUM, 5, (Expression, Simple Expression, Factor, Constant)
        [Sibling] (Case Statement)
            [Child] 20, TOK_ID, something, (Expression, Simple Expression, Factor, Constant, Simple Name)
            [Child] (Case List)
                [Child] (Case)
                    [Child] (Const List)
                        [Child] 21, TOK_ID, const1, (Constant, Simple Name)
                    [Child] (Assign Statement)
                        [Child] 22, TOK_ID, something, (Simple Name)
                        [Child] 22, TOK_NUM, 6, (Expression, Simple Expression, Factor, Constant)
            [Child] (Assign Statement)
                [Child] 24, TOK_ID, something, (Simple Name)
                [Child] 24, TOK_NUM, 7, (Expression, Simple Expression, Factor, Constant)
        [Sibling] (Case Statement)
            [Child] 28, TOK_ID, something, (Expression, Simple Expression, Factor, Constant, Simple Name)
            [Child] (Case List)
                [Child] (Case)
                    [Child] (Const List)
                        [Child] 29, TOK_ID, const1, (Constant, Simple Name)
                    [Child] (Assign Statement)
                        [Child] 30, TOK_ID, something, (Simple Name)
                        [Child] 30, TOK_NUM, 8, (Expression, Simple Expression, Factor, Constant)
                [Sibling] (Case)
                    [Child] (Const List)
                        [Child] 31, TOK_ID, const2, (Constant, Simple Name)
                    [Child] (Assign Statement)
                        [Child] 32, TOK_ID, something, (Simple Name)
                        [Child] 32, TOK_NUM, 9, (Expression, Simple Expression, Factor, Constant)
            [Child] (Assign Statement)
                [Child] 34, TOK_ID, something, (Simple Name)
                [Child] 34, TOK_NUM, 7, (Expression, Simple Expression, Factor, Constant)
