[Head] (Block)
    [Child] (Statement List)
        [Child] (While Statement)
            [Child] 4, TOK_NUM, 10, (Condition, Expression, Simple Expression, Factor, Constant)
            [Child] (Assign Statement)
                [Child] 5, TOK_ID, sample, (Simple Name)
                [Child] 5, TOK_PLUS, +, (Expression, Simple Expression, Binary Adding Operator)
                    [Child] 5, TOK_ID, sample, (Simple Expression, Factor, Constant, Simple Name)
                    [Child] 5, TOK_NUM, 1, (Factor, Constant)
        [Sibling] (While Statement)
            [Child] 8, TOK_GREATER, >, (Condition, Expression, Simple Expression, Factor, Relational Operator)
                [Child] 8, TOK_ID, sample, (Simple Expression, Factor, Constant, Simple Name)
                [Child] 8, TOK_STAR, *, (Simple Expression, Multiply Operator)
                    [Child] 8, TOK_NUM, 20, (Factor, Constant, Term)
                    [Child] 8, TOK_NUM, 3, (Factor, Constant, Term)
            [Child] (Assign Statement)
                [Child] 9, TOK_ID, sample, (Simple Name)
                [Child] 9, TOK_MINUS, -, (Expression, Simple Expression, Binary Adding Operator)
                    [Child] 9, TOK_ID, sample, (Simple Expression, Factor, Constant, Simple Name)
                    [Child] 9, TOK_NUM, 1, (Factor, Constant)
        [Sibling] (While Statement)
            [Child] 12, TOK_ID, something, (Condition, Expression, Simple Expression, Factor, Constant, Simple Name)
            [Child] (Block, Block Statement)
                [Child] (Statement List)
                    [Child] (Assign Statement)
                        [Child] 13, TOK_ID, something, (Simple Name)
                        [Child] 13, TOK_MINUS, -, (Expression, Simple Expression, Binary Adding Operator)
                            [Child] 13, TOK_ID, something, (Simple Expression, Factor, Constant, Simple Name)
                            [Child] 13, TOK_STAR, *, (Expression, Simple Expression, Factor, Multiply Operator)
                                [Child] 13, TOK_NUM, 3, (Factor, Constant, Term)
                                [Child] 13, TOK_ID, sample, (Factor, Constant, Simple Name, Term)
                    [Sibling] (Assign Statement)
                        [Child] 14, TOK_ID, sample, (Simple Name)
                        [Child] 14, TOK_PLUS, +, (Expression, Simple Expression, Binary Adding Operator)
                            [Child] 14, TOK_ID, sample, (Simple Expression, Factor, Constant, Simple Name)
                            [Child] 14, TOK_NUM, 1, (Factor, Constant)
                    [Sibling] (Null Statement)
