[Head] (Block)
    [Child] (Statement List)
        [Child] (Case Statement)
            [Child] 3, TOK_ID, something, (Expression, Simple Expression, Factor, Constant, Simple Name)
            [Child] (Case List)
                [Child] (Case)
                    [Child] (Const List)
                        [Child] 4, TOK_NUM, 1, (Constant)
                    [Child] (Assign Statement)
                        [Child] 4, TOK_ID, something, (Simple Name)
                        [Child] 4, TOK_NUM, 2, (Expression, Simple Expression, Factor, Constant)
                [Sibling] (Case)
                    [Child] (Const List)
                        [Child] 6, TOK_NUM, 2, (Constant)
                        [Sibling] 6, TOK_NUM, 3, (Constant)
                        [Sibling] 6, TOK_NUM, 4, (Constant)
                    [Child] (Assign Statement)
                        [Child] 7, TOK_ID, something, (Simple Name)
                        [Child] 7, TOK_NUM, 3, (Expression, Simple Expression, Factor, Constant)
