[Head] (Block)
    [Child] (Statement List)
        [Child] (Block, Block Statement)
            [Child] (Statement List)
                [Child] (Null Statement)
        [Sibling] (Block, Block Statement)
            [Child] (Const Section)
                [Child] (Const Declaration)
                    [Child] 9, TOK_ID, something, (Literal)
                    [Child] 9, TOK_STR, 'two', (Literal)
            [Child] (Statement List)
                [Child] (Null Statement)
        [Sibling] (Block, Block Statement)
            [Child] (Variable Section)
                [Child] (Variable Declaration, Variable List)
                    [Child] 15, TOK_ID, identity, (Literal)
                    [Child] 15, TOK_KEY_INTEGER, integer, (Type)
            [Child] (Statement List)
                [Child] (Null Statement)
        [Sibling] (Block, Block Statement)
            [Child] (Const Section)
                [Child] (Const Declaration)
                    [Child] 21, TOK_ID, something, (Literal)
                    [Child] 21, TOK_STR, 'two', (Literal)
            [Child] (Variable Section)
                [Child] (Variable Declaration, Variable List)
                    [Child] 22, TOK_ID, identity, (Literal)
                    [Child] 22, TOK_KEY_INTEGER, integer, (Type)
            [Child] (Statement List)
                [Child] (Null Statement)
        [Sibling] (Block, Block Statement)
            [Child] (Statement List)
                [Child] (Block, Block Statement)
                    [Child] (Statement List)
                        [Child] (Null Statement)
                [Sibling] (Null Statement)
        [Sibling] (Null Statement)
