[Head] (Block)
    [Child] (Variable Section)
        [Child] (Variable Declaration, Variable List)
            [Child] 2, TOK_ID, test, (Literal)
            [Child] 2, TOK_KEY_INTEGER, integer, (Type)
        [Sibling] (Variable Declaration, Variable List)
            [Child] 5, TOK_ID, floop, (Literal)
            [Child] 5, TOK_KEY_INTEGER, integer, (Type)
        [Sibling] (Variable Declaration, Variable List)
            [Child] 8, TOK_ID, one, (Literal)
            [Sibling] 8, TOK_ID, two, (Literal)
            [Sibling] 8, TOK_ID, three, (Literal)
            [Child] 8, TOK_KEY_INTEGER, integer, (Type)
        [Sibling] (Variable Declaration, Variable List)
            [Child] 11, TOK_ID, something, (Literal)
            [Child] 11, TOK_NUM, 20, (Type, Constant, Array, Integer)
        [Sibling] (Variable Declaration, Variable List)
            [Child] 14, TOK_ID, s1, (Literal)
            [Sibling] 14, TOK_ID, s2, (Literal)
            [Sibling] 14, TOK_ID, s3, (Literal)
            [Sibling] 14, TOK_ID, s4, (Literal)
            [Child] 14, TOK_NUM, 100, (Type, Constant, Array, Integer)
        [Sibling] (Variable Declaration, Variable List)
            [Child] 17, TOK_ID, zthing, (Literal)
            [Child] 17, TOK_ID, something, (Type, Constant, Simple Name, Array, Integer)
    [Child] (Statement List)
        [Child] (Null Statement)
